kotlin version: 1.9.24
error message: Incremental compilation failed: Failed to close caches
org.jetbrains.kotlin.incremental.CachesManagerCloseException: Failed to close caches
	at org.jetbrains.kotlin.incremental.BaseCompilationTransaction.closeCachesManager(CompilationTransaction.kt:126)
	at org.jetbrains.kotlin.incremental.NonRecoverableCompilationTransaction.close(CompilationTransaction.kt:154)
	at org.jetbrains.kotlin.incremental.IncrementalCompilerRunner.tryCompileIncrementally(IncrementalCompilerRunner.kt:698)
	at org.jetbrains.kotlin.incremental.IncrementalCompilerRunner.compile(IncrementalCompilerRunner.kt:116)
	at org.jetbrains.kotlin.daemon.CompileServiceImplBase.execIncrementalCompiler(CompileServiceImpl.kt:657)
	at org.jetbrains.kotlin.daemon.CompileServiceImplBase.access$execIncrementalCompiler(CompileServiceImpl.kt:105)
	at org.jetbrains.kotlin.daemon.CompileServiceImpl.compile(CompileServiceImpl.kt:1624)
	at java.base/jdk.internal.reflect.NativeMethodAccessorImpl.invoke0(Native Method)
	at java.base/jdk.internal.reflect.NativeMethodAccessorImpl.invoke(NativeMethodAccessorImpl.java:77)
	at java.base/jdk.internal.reflect.DelegatingMethodAccessorImpl.invoke(DelegatingMethodAccessorImpl.java:43)
	at java.base/java.lang.reflect.Method.invoke(Method.java:569)
	at java.rmi/sun.rmi.server.UnicastServerRef.dispatch(UnicastServerRef.java:360)
	at java.rmi/sun.rmi.transport.Transport$1.run(Transport.java:200)
	at java.rmi/sun.rmi.transport.Transport$1.run(Transport.java:197)
	at java.base/java.security.AccessController.doPrivileged(AccessController.java:712)
	at java.rmi/sun.rmi.transport.Transport.serviceCall(Transport.java:196)
	at java.rmi/sun.rmi.transport.tcp.TCPTransport.handleMessages(TCPTransport.java:587)
	at java.rmi/sun.rmi.transport.tcp.TCPTransport$ConnectionHandler.run0(TCPTransport.java:828)
	at java.rmi/sun.rmi.transport.tcp.TCPTransport$ConnectionHandler.lambda$run$0(TCPTransport.java:705)
	at java.base/java.security.AccessController.doPrivileged(AccessController.java:399)
	at java.rmi/sun.rmi.transport.tcp.TCPTransport$ConnectionHandler.run(TCPTransport.java:704)
	at java.base/java.util.concurrent.ThreadPoolExecutor.runWorker(ThreadPoolExecutor.java:1136)
	at java.base/java.util.concurrent.ThreadPoolExecutor$Worker.run(ThreadPoolExecutor.java:635)
	at java.base/java.lang.Thread.run(Thread.java:840)
Caused by: java.lang.AssertionError: java.lang.Exception: Could not flush incremental caches in E:\文档\settingtest\.repo-jev-chat-JARVIS\app\build\kotlin\compileDebugKotlin\cacheable\caches-jvm\lookups: lookups.tab
	at org.jetbrains.kotlin.com.google.common.io.Closer.close(Closer.java:225)
	at org.jetbrains.kotlin.incremental.IncrementalCachesManager.close(IncrementalCachesManager.kt:55)
	at org.jetbrains.kotlin.incremental.BaseCompilationTransaction.closeCachesManager(CompilationTransaction.kt:123)
	... 23 more
Caused by: java.lang.Exception: Could not flush incremental caches in E:\文档\settingtest\.repo-jev-chat-JARVIS\app\build\kotlin\compileDebugKotlin\cacheable\caches-jvm\lookups: lookups.tab
	at org.jetbrains.kotlin.incremental.storage.BasicMapsOwner.forEachMapSafe(BasicMapsOwner.kt:64)
	at org.jetbrains.kotlin.incremental.storage.BasicMapsOwner.flush(BasicMapsOwner.kt:48)
	at org.jetbrains.kotlin.incremental.LookupStorage.flush(LookupStorage.kt:155)
	at org.jetbrains.kotlin.incremental.IncrementalCachesManager$CacheCloser.close(IncrementalCachesManager.kt:64)
	at org.jetbrains.kotlin.com.google.common.io.Closer.close(Closer.java:213)
	... 25 more
	Suppressed: java.lang.RuntimeException: org.jetbrains.kotlin.com.intellij.util.io.PersistentEnumeratorBase$CorruptedException: PersistentEnumerator storage corrupted E:\文档\settingtest\.repo-jev-chat-JARVIS\app\build\kotlin\compileDebugKotlin\cacheable\caches-jvm\lookups\lookups.tab
		at org.jetbrains.kotlin.com.intellij.util.io.PersistentMapImpl$2.onDropFromCache(PersistentMapImpl.java:257)
		at org.jetbrains.kotlin.com.intellij.util.io.PersistentMapImpl$2.onDropFromCache(PersistentMapImpl.java:215)
		at org.jetbrains.kotlin.com.intellij.util.containers.SLRUMap.clear(SLRUMap.java:172)
		at org.jetbrains.kotlin.com.intellij.util.io.PersistentMapImpl.flushAppendCache(PersistentMapImpl.java:930)
		at org.jetbrains.kotlin.com.intellij.util.io.PersistentMapImpl.clearAppenderCaches(PersistentMapImpl.java:754)
		at org.jetbrains.kotlin.com.intellij.util.io.PersistentMapImpl.doForce(PersistentMapImpl.java:741)
		at org.jetbrains.kotlin.com.intellij.util.io.PersistentMapImpl.force(PersistentMapImpl.java:730)
		at org.jetbrains.kotlin.com.intellij.util.io.PersistentHashMap.force(PersistentHashMap.java:194)
		at org.jetbrains.kotlin.incremental.storage.CachingLazyStorage.flush(CachingLazyStorage.kt:115)
		at org.jetbrains.kotlin.incremental.storage.BasicMap.flush(BasicMap.kt:40)
		at org.jetbrains.kotlin.incremental.storage.BasicMapsOwner$flush$1.invoke(BasicMapsOwner.kt:48)
		at org.jetbrains.kotlin.incremental.storage.BasicMapsOwner$flush$1.invoke(BasicMapsOwner.kt:48)
		at org.jetbrains.kotlin.incremental.storage.BasicMapsOwner.forEachMapSafe(BasicMapsOwner.kt:56)
		... 29 more
	Caused by: org.jetbrains.kotlin.com.intellij.util.io.PersistentEnumeratorBase$CorruptedException: PersistentEnumerator storage corrupted E:\文档\settingtest\.repo-jev-chat-JARVIS\app\build\kotlin\compileDebugKotlin\cacheable\caches-jvm\lookups\lookups.tab
		at org.jetbrains.kotlin.com.intellij.util.io.PersistentEnumeratorBase.catchCorruption(PersistentEnumeratorBase.java:602)
		at org.jetbrains.kotlin.com.intellij.util.io.PersistentEnumeratorBase.doEnumerate(PersistentEnumeratorBase.java:266)
		at org.jetbrains.kotlin.com.intellij.util.io.PersistentEnumeratorBase.enumerate(PersistentEnumeratorBase.java:279)
		at org.jetbrains.kotlin.com.intellij.util.io.PersistentMapImpl.enumerate(PersistentMapImpl.java:425)
		at org.jetbrains.kotlin.com.intellij.util.io.PersistentMapImpl.access$300(PersistentMapImpl.java:46)
		at org.jetbrains.kotlin.com.intellij.util.io.PersistentMapImpl$2.onDropFromCache(PersistentMapImpl.java:233)
		... 41 more


